e: file:///C:/Users/dln
